// Jest Snapshot v1, https://goo.gl/fbAQLP

exports[`test to see if instructions page renders 1`] = `ShallowWrapper {}`;
